abase
Abase
ABASE
abases
Abases
ABASES
Acid/base
acid/base
ACID/BASE
Acid/bases
acid/bases
ACID/BASES
anaphase
Anaphase
ANAPHASE
anaphases
Anaphases
ANAPHASES
anatase
Anatase
ANATASE
anatases
Anatases
ANATASES
appease
Appease
APPEASE
appeases
Appeases
APPEASES
base
Base
BASE
bases
Bases
BASES
blase
Blase
BLASE
blases
Blases
BLASES
bookcase
Bookcase
BOOKCASE
bookcases
Bookcases
BOOKCASES
braincase
Braincase
BRAINCASE
braincases
Braincases
BRAINCASES
briefcase
Briefcase
BRIEFCASE
briefcases
Briefcases
BRIEFCASES
carcase
Carcase
CARCASE
carcases
Carcases
CARCASES
cardcase
Cardcase
CARDCASE
cardcases
Cardcases
CARDCASES
case
Case
CASE
cases
Cases
CASES
casease
Casease
CASEASE
caseases
Caseases
CASEASES
catchphrase
Catchphrase
CATCHPHRASE
catchphrases
Catchphrases
CATCHPHRASES
cease
Cease
CEASE
ceases
Ceases
CEASES
chase
Chase
CHASE
chases
Chases
CHASES
chrysoprase
Chrysoprase
CHRYSOPRASE
chrysoprases
Chrysoprases
CHRYSOPRASES
crankcase
Crankcase
CRANKCASE
crankcases
Crankcases
CRANKCASES
crease
Crease
CREASE
creases
Creases
CREASES
database
Database
DATABASE
databases
Databases
DATABASES
debase
Debase
DEBASE
debases
Debases
DEBASES
decease
Decease
DECEASE
deceases
Deceases
DECEASES
decrease
Decrease
DECREASE
decreases
Decreases
DECREASES
degrease
Degrease
DEGREASE
degreases
Degreases
DEGREASES
diabase
Diabase
DIABASE
diabases
Diabases
DIABASES
dioptase
Dioptase
DIOPTASE
dioptases
Dioptases
DIOPTASES
diphase
Diphase
DIPHASE
diphases
Diphases
DIPHASES
diplophase
Diplophase
DIPLOPHASE
diplophases
Diplophases
DIPLOPHASES
discase
Discase
DISCASE
discases
Discases
DISCASES
disease
Disease
DISEASE
diseases
Diseases
DISEASES
displease
Displease
DISPLEASE
displeases
Displeases
DISPLEASES
ease
Ease
EASE
eases
Eases
EASES
encase
Encase
ENCASE
encases
Encases
ENCASES
enchase
Enchase
ENCHASE
enchases
Enchases
ENCHASES
erase
Erase
ERASE
erases
Erases
ERASES
euclase
Euclase
EUCLASE
euclases
Euclases
EUCLASES
fease
Fease
FEASE
feases
Feases
FEASES
firebase
Firebase
FIREBASE
firebases
Firebases
FIREBASES
freebase
Freebase
FREEBASE
freebases
Freebases
FREEBASES
gas-phase
gas-phases
gearcase
Gearcase
GEARCASE
gearcases
Gearcases
GEARCASES
grease
Grease
GREASE
greases
Greases
GREASES
hardcase
Hardcase
HARDCASE
hardcases
Hardcases
HARDCASES
heartsease
Heartsease
HEARTSEASE
heartseases
Heartseases
HEARTSEASES
idocrase
Idocrase
IDOCRASE
idocrases
Idocrases
IDOCRASES
incase
Incase
INCASE
incases
Incases
INCASES
increase
Increase
INCREASE
increases
Increases
INCREASES
inphase
Inphase
INPHASE
inphases
Inphases
INPHASES
interphase
Interphase
INTERPHASE
interphases
Interphases
INTERPHASES
kilobase
Kilobase
KILOBASE
kilobases
Kilobases
KILOBASES
lase
Lase
LASE
lases
Lases
LASES
lease
Lease
LEASE
leases
Leases
LEASES
lowercase
Lowercase
lower-case
LOWERCASE
lowercases
Lowercases
lower-cases
LOWERCASES
metaphase
Metaphase
METAPHASE
metaphases
Metaphases
METAPHASES
metaphrase
Metaphrase
METAPHRASE
metaphrases
Metaphrases
METAPHRASES
misease
Misease
MISEASE
miseases
Miseases
MISEASES
misphrase
Misphrase
MISPHRASE
misphrases
Misphrases
MISPHRASES
multiphase
Multiphase
MULTIPHASE
multiphases
Multiphases
MULTIPHASES
notecase
Notecase
NOTECASE
notecases
Notecases
NOTECASES
nutcase
Nutcase
NUTCASE
nutcases
Nutcases
NUTCASES
oligoclase
Oligoclase
OLIGOCLASE
oligoclases
Oligoclases
OLIGOCLASES
orthoclase
Orthoclase
ORTHOCLASE
orthoclases
Orthoclases
ORTHOCLASES
paraphrase
Paraphrase
PARAPHRASE
paraphrases
Paraphrases
PARAPHRASES
pase
Pase
PASE
pases
Pases
PASES
pease
Pease
PEASE
peases
Peases
PEASES
permease
Permease
PERMEASE
permeases
Permeases
PERMEASES
phase
Phase
PHASE
phases
Phases
PHASES
photophase
Photophase
PHOTOPHASE
photophases
Photophases
PHOTOPHASES
phrase
Phrase
PHRASE
phrases
Phrases
PHRASES
pillowcase
Pillowcase
PILLOWCASE
pillowcases
Pillowcases
PILLOWCASES
please
Please
PLEASE
pleases
Pleases
PLEASES
polyphase
Polyphase
POLYPHASE
polyphases
Polyphases
POLYPHASES
postbase
Postbase
POSTBASE
postbases
Postbases
POSTBASES
prase
Prase
PRASE
prases
Prases
PRASES
precrease
Precrease
PRECREASE
precreases
Precreases
PRECREASES
predecease
Predecease
PREDECEASE
predeceases
Predeceases
PREDECEASES
prepurchase
Prepurchase
PREPURCHASE
prepurchases
Prepurchases
PREPURCHASES
prerelease
Prerelease
PRERELEASE
prereleases
Prereleases
PRERELEASES
prophase
Prophase
PROPHASE
prophases
Prophases
PROPHASES
purchase
Purchase
PURCHASE
purchases
Purchases
PURCHASES
rase
Rase
RASE
rases
Rases
RASES
release
Release
RELEASE
releases
Releases
RELEASES
rephrase
Rephrase
REPHRASE
rephrases
Rephrases
REPHRASES
replicase
Replicase
REPLICASE
replicases
Replicases
REPLICASES
repurchase
Repurchase
REPURCHASE
repurchases
Repurchases
REPURCHASES
rerelease
Rerelease
RERELEASE
rereleases
Rereleases
RERELEASES
rheobase
Rheobase
RHEOBASE
rheobases
Rheobases
RHEOBASES
seedcase
Seedcase
SEEDCASE
seedcases
Seedcases
SEEDCASES
showcase
Showcase
SHOWCASE
showcases
Showcases
SHOWCASES
slipcase
Slipcase
SLIPCASE
slipcases
Slipcases
SLIPCASES
smearcase
Smearcase
SMEARCASE
smearcases
Smearcases
SMEARCASES
smiercase
Smiercase
SMIERCASE
smiercases
Smiercases
SMIERCASES
staircase
Staircase
STAIRCASE
staircases
Staircases
STAIRCASES
steeplechase
Steeplechase
STEEPLECHASE
steeplechases
Steeplechases
STEEPLECHASES
striptease
Striptease
STRIPTEASE
stripteases
Stripteases
STRIPTEASES
subbase
Subbase
SUBBASE
subbases
Subbases
SUBBASES
sublease
Sublease
SUBLEASE
subleases
Subleases
SUBLEASES
subphase
Subphase
SUBPHASE
subphases
Subphases
SUBPHASES
suitcase
Suitcase
SUITCASE
suitcases
Suitcases
SUITCASES
surbase
Surbase
SURBASE
surbases
Surbases
SURBASES
surcease
Surcease
SURCEASE
surceases
Surceases
SURCEASES
tease
Tease
TEASE
teases
Teases
TEASES
telophase
Telophase
TELOPHASE
telophases
Telophases
TELOPHASES
triphase
Triphase
TRIPHASE
triphases
Triphases
TRIPHASES
typecase
Typecase
TYPECASE
typecases
Typecases
TYPECASES
ukase
Ukase
UKASE
ukases
Ukases
UKASES
uncase
Uncase
UNCASE
uncases
Uncases
UNCASES
unease
Unease
UNEASE
uneases
Uneases
UNEASES
uppercase
Uppercase
UPPERCASE
uppercases
Uppercases
UPPERCASES
vase
Vase
VASE
vases
Vases
VASES
watchcase
Watchcase
WATCHCASE
watchcases
Watchcases
WATCHCASES
wheelbase
Wheelbase
WHEELBASE
wheelbases
Wheelbases
WHEELBASES

