Acremonium blochii
ACRBL
Acremonium persicinum
ACRPE
Acrophialophora nainiana
ACRNA
Agaricus bisporus
AGABI
Common mushroom
Athelia rolfsii
ATHRO
Sclerotinia rolfsii, Corticium rolfsii
Aspergillus aculeatus
ASPAC
Aspergillus awamori
ASPAW
Aspergillus flavus
ASPFL
Aspergillus fumigatus
ASPFU
Sartorya fumigata
Aspergillus japonicus
ASPJA
Aspergillus kawachii
ASPKA
Aspergillus awamori var. kawachii
Aspergillus niger
ASPNG
Aspergillus oryzae
ASPOR
Aspergillus parasiticus
ASPPA
Aspergillus saitoi
ASPSA
Aspergillus phoenicis
Aspergillus shirousami
ASPSH
Aspergillus sojae
ASPSO
Aspergillus sp.
ASPSP
Aspergillus sulphureus
ASPSU
Aspergillus terreus
ASPTE
Aspergillus tubingensis
ASPTU
Aureobasidium pullulans
AURPU
Bionectria ochroleuca
BIOOC
Gliocladium roseum
Bispora sp.
BISSP
Botryotinia fuckeliana
BOTFU
Botrytis cinerea, Noble rot fungus
Candida wickerhamii
CANWI
Chaetomium brasiliense
CHABR
Chaetomium thermophilum
CHATH
Chondrostereum purpureum
CHOPU
Stereum purpureum
Claviceps purpurea
CLAPU
Coccidioides immitis
COCIM
Valley fever fungus
Coccidioides posadasii
COCPO
Valley fever Fungus
Cochliobolus carbonum
COCCA
Bipolaris zeicola
Cochlibolus heterostrophus
COCHE
Drechslera maydis
Cochliobolus sativus
COCSA
Bipolaris sorokiniana
Coprinopsis cinerea
COPCI
Hormographiella aspergillata, Inky cap fungus
Cryphonectria parasitica
CRYPA
Endothia parasitica, Chestnut blight fungus
Cryptococcus albidus
CRYAL
Fiobasidium floriforma
Cryptococcus flavus
CRYFL
Cryptococcus sp.
CRYSP
Daldinia eschscholzii
DALES
Emericella desertorum
EMEDE
Emericella nidulans
EMENI
Fomitopsis palustris
FOMPA
Fomitopsis pinicola
FOMPI
Fusarium equiseti
FUSEQ
Fusarium scirpi
Fusarium oxysporum
FUSOX
Panama disease fungus
Fusarium solani subsp. cucurbitae
FUSSC
Nectria ipomoeae
Geotrichum sp.
GEOSP
Fermentotrichon, Oosporoidea, Polymorphomyces
Gibberella sp. 75
GIBSP
Gibberella zeae
GIBZE
Fusarium graminearum, Wheat head blight fungus
Gongronella sp.
GONSP
Humicola grisea var. thermoidea
HUMGT
Humicola insolens
HUMIN
Hypocrea schweinitzii
HYPSC
Irpex lacteus
IRPLA
Polyporus tulipiferae, Milk-white toothed polypore
Isaria javanicus
ISAJA
Paecilomyces javanicus
Kluyveromyces lactis
KLULA
Candida sphaerica, Yeast
Kluyveromyces marxianus
KLUMA
Candida kefyr, Yeast
Kuraishia capsulata
KURCA
Pichia capsulata
Lentinula edodes
LENED
Lentinus edodes, Shiitake mushroom
Leptosphaeria maculans
LEPMC
Blackleg fungus
Magnaporthe grisea
MAGGR
Pyricularia grisea, Rice blast fungus
Melanocarpus albomyces
MELAO
Meripilus giganteus
MERGI
Metarhizium anisopliae
METAN
Mortierella alliacea
MORAL
Mucor circinelloides
MUCCI
Mucor griseo-roseus
Mucor Hiemalis
MUCHI
Mycocladus corymbifera
MYCCO
Absidia corymibiferus
Neocallimastix frontalis
NEOFR
Neocallimastix patriciarum
NEOPA
Rumen fungus
Neotyphodium sp.
NEOSP
Neurospora crassa
NEUCR
Orpinomyces joyonii
ORPJO
Orpinomyces sp.
ORPSP
Paecilomyces thermophila
PAETH
Paracoccidioides brasiliensis
PARBR
Penicillium brasilianum
PENBR
Penicillium canescens
Penicillium chrysogenum
PENCH
Penicillium notatum
Penicillium citrinum
PENCI
Penicillium funiculosum
PENFN
Penicillium janthinellum
PENJA
Penicillium vitale
Penicillium minioluteum
PENMI
Penicillium occitanis
PENOC
Penicillium purpurogenum
PENPU
Penicillium simplicissimum
PENSI
Penicillium sp.
PENSQ
Periconia sp.
PERSP
Phaffia rhodozyma
PHARA
Xanthophyllomyces dendrorhous, Yeast
Phanerochaete chrysosporium
PHACH
Sporotrichum prunosum, White-rot fungus
Phycomyces nitens
PHYNI
Pichia angusta
PICAN
Hansenula polymorpha, Yeast
Pichia pastoris
PICPA
Yeast
Piromyces equi
PIREQ
Piromyces sp.
PIRSP
Polyporus arcularius
POLAR
Rhizopus oligosporus
RHIOL
Rhizopus oryzae
RHIOR
Rhizopus delemar
Rhizopus sp.
RHISP
Robillarda sp.
ROBSP
Saccharomyces cerevisiae
YEAST
Baker’s yeast
Saccharomycopsis fibuligera
SACFI
Yeast
Schizophyllum commune
SCHCO
Bracket fungus
Sporobolomyces singularis
SPOSI
Stachybotrys echinata
STAEC
Talaromyces emersonii
TALEM
Thermoascus aurantiacus
THEAU
Thermomyces lanuginosus
THELA
Humicola lanuginosa
Thielavia terrestris
THITE
Acremonium alabamense
Trametes hirsuta
TRAHI
Coriolus hirsutus, White-rot fungus
Trametes versicolor
TRAVE
Coriolus versicolor, White-rot fungus
Trichoderma asperellum
TRIAS
Trichoderma harzianum
TRIHA
Hypocrea lixii
Trichoderma koningii
TRIKO
Hypocrea koningii
Trichoderma longibrachiatum
TRILO
Trichoderma reesei
TRIRE
Hypocrea jecorina
Trichoderma viride
TRIVI
Uromyces fabae
UROFA
Rust fungus
Verticillium dahliae
VERDA
Verticillium wilt
Volvariella volvacea
VOLVA
A. shirousami
A. blochii
A. persicinum
A. nainiana
A. bisporus
C. mushroom
A. rolfsii
S. rolfsii
A. aculeatus
A. awamori
A. flavus
A. fumigatus
S. fumigata
A. japonicus
A. kawachii
A. awamori
A. niger
A. oryzae
A. parasiticus
A. saitoi
A. phoenicis
A. shirousami
A. sojae
A. sulphureus
A. terreus
A. tubingensis
A. pullulans
B. ochroleuca
G. roseum
B. fuckeliana
B. cinerea
C. wickerhamii
C. brasiliense
C. thermophilum
C. purpureum
S. purpureum
C. purpurea
C. immitis
C. posadasii
C. carbonum
B. zeicola
C. heterostrophus
D. maydis
C. sativus
B. sorokiniana
C. cinerea
H. aspergillata
C. parasitica
E. parasitica
C. albidus
F. floriforma
C. flavus
D. eschscholzii
E. desertorum
E. nidulans
F. palustris
F. pinicola
F. equiseti
F. scirpi
F. oxysporum
P. disease
F. solani
N. ipomoeae
F. Oosporoidea
F. graminearum
H. grisea
H. insolens
H. schweinitzii
I. lacteus
P. tulipiferae
I. javanicus
P. javanicus
K. lactis
C. sphaerica
K. marxianus
C. kefyr
K. capsulata
P. capsulata
L. edodes
L. edodes
L. maculans
B. fungus
M. grisea
P. grisea
M. albomyces
M. giganteus
M. anisopliae
M. alliacea
M. circinelloides
M. griseo-roseus
M. Hiemalis
M. corymbifera
A. corymibiferus
N. frontalis
N. patriciarum
N. crassa
O. joyonii
P. thermophila
P. brasiliensis
P. brasilianum
P. canescens
P. chrysogenum
P. notatum
P. citrinum
P. funiculosum
P. janthinellum
P. vitale
P. minioluteum
P. occitanis
P. purpurogenum
P. simplicissimum
P. rhodozyma
X. dendrorhous
P. chrysosporium
S. prunosum
P. nitens
P. angusta
H. polymorpha
P. pastoris
P. arcularius
R. oligosporus
R. oryzae
R. delemar
S. cerevisiae
S. fibuligera
S. commune
B. fungus
S. singularis
S. echinata
T. emersonii
T. aurantiacus
T. lanuginosus
H. lanuginosa
T. terrestris
A. alabamense
T. hirsuta
C. hirsutus
T. versicolor
C. versicolor
T. asperellum
T. harzianum
H. lixii
T. koningii
H. koningii
T. longibrachiatum
T. reesei
H. jecorina
T. viride
U. fabae
V. dahliae
V. wilt
V. volvacea
A. shirousami
P. equi
