Common mushroom
Sclerotinia rolfsii
Corticium rolfsii
Sartorya fumigata
Aspergillus awamori var. kawachii
Aspergillus phoenicis
Gliocladium roseum
Botrytis cinerea
Noble rot fungus
Stereum purpureum
Valley fever fungus
Valley fever Fungus
Bipolaris zeicola
Drechslera maydis
Bipolaris sorokiniana
Hormographiella aspergillata
Inky cap fungus
Endothia parasitica
Chestnut blight fungus
Fiobasidium floriforma
Fusarium scirpi
Panama disease fungus
Nectria ipomoeae
Fermentotrichon, Oosporoidea
Polymorphomyces
Fusarium graminearum
Wheat head blight fungus
Polyporus tulipiferae
Milk-white toothed polypore
Paecilomyces javanicus
Candida sphaerica
Yeast
Candida kefyr
Pichia capsulata
Lentinus edodes
Shiitake mushroom
Blackleg fungus
Pyricularia grisea
Rice blast fungus
Mucor griseo-roseus
Absidia corymibiferus
Rumen fungus
Penicillium notatum
Penicillium vitale
Xanthophyllomyces dendrorhous
Sporotrichum prunosum
White-rot fungus
Hansenula polymorpha
Rhizopus delemar
Baker’s yeast
Bracket fungus
Humicola lanuginosa
Acremonium alabamense
Coriolus hirsutus
White-rot fungus
Coriolus versicolor
Hypocrea lixii
Hypocrea koningii
Hypocrea jecorina
Rust fungus
Verticillium wilt
A. aculeatus
A. awamori
A. flavus
A. fumigatus
A. japonicus
A. kawachii
A. niger
A. oryzae
A. parasiticus
A. phoenicis
A. saitoi
A. sojae
A. sp.
A. sulphureus
A. terreus
A. tubingensis
P. pastoris
P. ostreatus
S. rolfsii
C. rolfsii
S. fumigata
A. awamori
A. phoenicis
G. roseum
B. cinerea
S. purpureum
B. zeicola
D. maydis
B. sorokiniana
H. aspergillata
E. parasitica
F. floriforma
F. scirpi
N. ipomoeae
F. Oosporoidea
F. graminearum
P. tulipiferae
M. toothed
P. javanicus
C. sphaerica
C. kefyr
P. capsulata
L. edodes
P. grisea
M. griseo-roseus
A. corymibiferus
P. notatum
P. vitale
X. dendrorhous
S. prunosum
H. polymorpha
R. delemar
H. lanuginosa
A. alabamense
C. hirsutus
C. versicolor
H. lixii
H. koningii
H. jecorina
V. wilt
